<?xml version="1.0" encoding="utf-8"?><testsuites name="pytest tests"><testsuite name="pytest" errors="0" failures="0" skipped="0" tests="132" time="0.137" timestamp="2026-06-26T07:16:43.865702+00:00" hostname="077cb0dddc67"><testcase classname="tests.test_basic" name="test_options_work" time="0.002" /><testcase classname="tests.test_basic" name="test_options_on_multiple_rules" time="0.001" /><testcase classname="tests.test_basic" name="test_method_route[get]" time="0.001" /><testcase classname="tests.test_basic" name="test_method_route[post]" time="0.001" /><testcase classname="tests.test_basic" name="test_method_route[put]" time="0.001" /><testcase classname="tests.test_basic" name="test_method_route[delete]" time="0.001" /><testcase classname="tests.test_basic" name="test_method_route[patch]" time="0.001" /><testcase classname="tests.test_basic" name="test_method_route_no_methods" time="0.000" /><testcase classname="tests.test_basic" name="test_provide_automatic_options_attr_disable" time="0.001" /><testcase classname="tests.test_basic" name="test_provide_automatic_options_attr_enable" time="0.001" /><testcase classname="tests.test_basic" name="test_provide_automatic_options_arg_disable" time="0.001" /><testcase classname="tests.test_basic" name="test_provide_automatic_options_method_disable" time="0.001" /><testcase classname="tests.test_basic" name="test_request_dispatching" time="0.005" /><testcase classname="tests.test_basic" name="test_disallow_string_for_allowed_methods" time="0.000" /><testcase classname="tests.test_basic" name="test_url_mapping" time="0.001" /><testcase classname="tests.test_basic" name="test_werkzeug_routing" time="0.001" /><testcase classname="tests.test_basic" name="test_endpoint_decorator" time="0.001" /><testcase classname="tests.test_basic" name="test_session_accessed" time="0.001" /><testcase classname="tests.test_basic" name="test_session_path" time="0.001" /><testcase classname="tests.test_basic" name="test_session_using_application_root" time="0.001" /><testcase classname="tests.test_basic" name="test_session_using_session_settings" time="0.001" /><testcase classname="tests.test_basic" name="test_session_using_samesite_attribute" time="0.001" /><testcase classname="tests.test_basic" name="test_missing_session" time="0.000" /><testcase classname="tests.test_basic" name="test_session_secret_key_fallbacks" time="0.001" /><testcase classname="tests.test_basic" name="test_session_expiration" time="0.001" /><testcase classname="tests.test_basic" name="test_session_stored_last" time="0.001" /><testcase classname="tests.test_basic" name="test_session_special_types" time="0.001" /><testcase classname="tests.test_basic" name="test_session_cookie_setting" time="0.003" /><testcase classname="tests.test_basic" name="test_session_vary_cookie" time="0.002" /><testcase classname="tests.test_basic" name="test_session_refresh_vary" time="0.001" /><testcase classname="tests.test_basic" name="test_flashes" time="0.000" /><testcase classname="tests.test_basic" name="test_extended_flashing" time="0.002" /><testcase classname="tests.test_basic" name="test_request_processing" time="0.001" /><testcase classname="tests.test_basic" name="test_request_preprocessing_early_return" time="0.001" /><testcase classname="tests.test_basic" name="test_after_request_processing" time="0.001" /><testcase classname="tests.test_basic" name="test_teardown_request_handler" time="0.001" /><testcase classname="tests.test_basic" name="test_teardown_request_handler_debug_mode" time="0.001" /><testcase classname="tests.test_basic" name="test_teardown_request_handler_error" time="0.002" /><testcase classname="tests.test_basic" name="test_before_after_request_order" time="0.001" /><testcase classname="tests.test_basic" name="test_error_handling" time="0.001" /><testcase classname="tests.test_basic" name="test_error_handling_processing" time="0.001" /><testcase classname="tests.test_basic" name="test_baseexception_error_handling" time="0.001" /><testcase classname="tests.test_basic" name="test_before_request_and_routing_errors" time="0.000" /><testcase classname="tests.test_basic" name="test_user_error_handling" time="0.001" /><testcase classname="tests.test_basic" name="test_http_error_subclass_handling" time="0.001" /><testcase classname="tests.test_basic" name="test_errorhandler_precedence" time="0.001" /><testcase classname="tests.test_basic" name="test_trap_bad_request_key_error[False-None-True-True]" time="0.001" /><testcase classname="tests.test_basic" name="test_trap_bad_request_key_error[True-None-False-True]" time="0.001" /><testcase classname="tests.test_basic" name="test_trap_bad_request_key_error[False-True-False-False]" time="0.001" /><testcase classname="tests.test_basic" name="test_trapping_of_all_http_exceptions" time="0.001" /><testcase classname="tests.test_basic" name="test_error_handler_after_processor_error" time="0.001" /><testcase classname="tests.test_basic" name="test_enctype_debug_helper" time="0.001" /><testcase classname="tests.test_basic" name="test_response_types" time="0.002" /><testcase classname="tests.test_basic" name="test_response_type_errors" time="0.001" /><testcase classname="tests.test_basic" name="test_make_response" time="0.000" /><testcase classname="tests.test_basic" name="test_make_response_with_response_instance" time="0.001" /><testcase classname="tests.test_basic" name="test_jsonify_no_prettyprint[True]" time="0.000" /><testcase classname="tests.test_basic" name="test_jsonify_no_prettyprint[False]" time="0.000" /><testcase classname="tests.test_basic" name="test_jsonify_mimetype" time="0.000" /><testcase classname="tests.test_basic" name="test_json_dump_dataclass" time="0.001" /><testcase classname="tests.test_basic" name="test_jsonify_args_and_kwargs_check" time="0.000" /><testcase classname="tests.test_basic" name="test_url_generation" time="0.001" /><testcase classname="tests.test_basic" name="test_build_error_handler" time="0.001" /><testcase classname="tests.test_basic" name="test_build_error_handler_reraise" time="0.000" /><testcase classname="tests.test_basic" name="test_url_for_passes_special_values_to_build_error_handler" time="0.001" /><testcase classname="tests.test_basic" name="test_static_files" time="0.002" /><testcase classname="tests.test_basic" name="test_static_url_path" time="0.001" /><testcase classname="tests.test_basic" name="test_static_url_path_with_ending_slash" time="0.001" /><testcase classname="tests.test_basic" name="test_static_url_empty_path" time="0.001" /><testcase classname="tests.test_basic" name="test_static_url_empty_path_default" time="0.001" /><testcase classname="tests.test_basic" name="test_static_folder_with_pathlib_path" time="0.001" /><testcase classname="tests.test_basic" name="test_static_folder_with_ending_slash" time="0.000" /><testcase classname="tests.test_basic" name="test_static_route_with_host_matching" time="0.001" /><testcase classname="tests.test_basic" name="test_request_locals" time="0.000" /><testcase classname="tests.test_basic" name="test_server_name_matching[False-False-default-default]" time="0.001" /><testcase classname="tests.test_basic" name="test_server_name_matching[True-False-abc-&lt;invalid&gt;]" time="0.001" /><testcase classname="tests.test_basic" name="test_server_name_matching[False-True-abc-default]" time="0.001" /><testcase classname="tests.test_basic" name="test_server_name_subdomain" time="0.001" /><testcase classname="tests.test_basic" name="test_exception_propagation[TESTING]" time="0.001" /><testcase classname="tests.test_basic" name="test_exception_propagation[PROPAGATE_EXCEPTIONS]" time="0.001" /><testcase classname="tests.test_basic" name="test_exception_propagation[DEBUG]" time="0.001" /><testcase classname="tests.test_basic" name="test_exception_propagation[None]" time="0.001" /><testcase classname="tests.test_basic" name="test_werkzeug_passthrough_errors[None-True-True-True]" time="0.002" /><testcase classname="tests.test_basic" name="test_werkzeug_passthrough_errors[None-True-True-False]" time="0.001" /><testcase classname="tests.test_basic" name="test_werkzeug_passthrough_errors[None-True-False-True]" time="0.000" /><testcase classname="tests.test_basic" name="test_werkzeug_passthrough_errors[None-True-False-False]" time="0.000" /><testcase classname="tests.test_basic" name="test_werkzeug_passthrough_errors[None-False-True-True]" time="0.000" /><testcase classname="tests.test_basic" name="test_werkzeug_passthrough_errors[None-False-True-False]" time="0.000" /><testcase classname="tests.test_basic" name="test_werkzeug_passthrough_errors[None-False-False-True]" time="0.000" /><testcase classname="tests.test_basic" name="test_werkzeug_passthrough_errors[None-False-False-False]" time="0.001" /><testcase classname="tests.test_basic" name="test_werkzeug_passthrough_errors[True-True-True-True]" time="0.000" /><testcase classname="tests.test_basic" name="test_werkzeug_passthrough_errors[True-True-True-False]" time="0.000" /><testcase classname="tests.test_basic" name="test_werkzeug_passthrough_errors[True-True-False-True]" time="0.000" /><testcase classname="tests.test_basic" name="test_werkzeug_passthrough_errors[True-True-False-False]" time="0.000" /><testcase classname="tests.test_basic" name="test_werkzeug_passthrough_errors[True-False-True-True]" time="0.000" /><testcase classname="tests.test_basic" name="test_werkzeug_passthrough_errors[True-False-True-False]" time="0.001" /><testcase classname="tests.test_basic" name="test_werkzeug_passthrough_errors[True-False-False-True]" time="0.000" /><testcase classname="tests.test_basic" name="test_werkzeug_passthrough_errors[True-False-False-False]" time="0.000" /><testcase classname="tests.test_basic" name="test_werkzeug_passthrough_errors[False-True-True-True]" time="0.000" /><testcase classname="tests.test_basic" name="test_werkzeug_passthrough_errors[False-True-True-False]" time="0.000" /><testcase classname="tests.test_basic" name="test_werkzeug_passthrough_errors[False-True-False-True]" time="0.000" /><testcase classname="tests.test_basic" name="test_werkzeug_passthrough_errors[False-True-False-False]" time="0.001" /><testcase classname="tests.test_basic" name="test_werkzeug_passthrough_errors[False-False-True-True]" time="0.000" /><testcase classname="tests.test_basic" name="test_werkzeug_passthrough_errors[False-False-True-False]" time="0.000" /><testcase classname="tests.test_basic" name="test_werkzeug_passthrough_errors[False-False-False-True]" time="0.000" /><testcase classname="tests.test_basic" name="test_werkzeug_passthrough_errors[False-False-False-False]" time="0.000" /><testcase classname="tests.test_basic" name="test_url_processors" time="0.001" /><testcase classname="tests.test_basic" name="test_inject_blueprint_url_defaults" time="0.001" /><testcase classname="tests.test_basic" name="test_nonascii_pathinfo" time="0.001" /><testcase classname="tests.test_basic" name="test_no_setup_after_first_request" time="0.001" /><testcase classname="tests.test_basic" name="test_routing_redirect_debugging" time="0.001" /><testcase classname="tests.test_basic" name="test_route_decorator_custom_endpoint" time="0.001" /><testcase classname="tests.test_basic" name="test_get_method_on_g" time="0.000" /><testcase classname="tests.test_basic" name="test_g_iteration_protocol" time="0.000" /><testcase classname="tests.test_basic" name="test_subdomain_basic_support" time="0.001" /><testcase classname="tests.test_basic" name="test_subdomain_matching" time="0.001" /><testcase classname="tests.test_basic" name="test_subdomain_matching_with_ports" time="0.001" /><testcase classname="tests.test_basic" name="test_subdomain_matching_other_name[False]" time="0.001" /><testcase classname="tests.test_basic" name="test_subdomain_matching_other_name[True]" time="0.001" /><testcase classname="tests.test_basic" name="test_multi_route_rules" time="0.001" /><testcase classname="tests.test_basic" name="test_multi_route_class_views" time="0.001" /><testcase classname="tests.test_basic" name="test_run_defaults" time="0.000" /><testcase classname="tests.test_basic" name="test_run_server_port" time="0.000" /><testcase classname="tests.test_basic" name="test_run_from_config[None-None-pocoo.org:8080-pocoo.org-8080]" time="0.000" /><testcase classname="tests.test_basic" name="test_run_from_config[localhost-None-pocoo.org:8080-localhost-8080]" time="0.000" /><testcase classname="tests.test_basic" name="test_run_from_config[None-80-pocoo.org:8080-pocoo.org-80]" time="0.001" /><testcase classname="tests.test_basic" name="test_run_from_config[localhost-80-pocoo.org:8080-localhost-80]" time="0.000" /><testcase classname="tests.test_basic" name="test_run_from_config[localhost-0-localhost:8080-localhost-0]" time="0.001" /><testcase classname="tests.test_basic" name="test_run_from_config[None-None-localhost:8080-localhost-8080]" time="0.000" /><testcase classname="tests.test_basic" name="test_run_from_config[None-None-localhost:0-localhost-0]" time="0.000" /><testcase classname="tests.test_basic" name="test_max_cookie_size" time="0.001" /><testcase classname="tests.test_basic" name="test_app_freed_on_zero_refcount" time="0.000" /></testsuite></testsuites>